version: v2
managed:
  enabled: true
  override:
    - file_option: go_package_prefix
      value: github.com/redpanda-data/protoc-gen-go-mcp/pkg/testdata/golden
  disable:
    - file_option: go_package
      module: buf.build/googleapis/googleapis
plugins:
  - local: protoc-gen-go
    out: golden
    opt: paths=source_relative
  - local: ["go", "run", "../../cmd/protoc-gen-go-mcp"]
    out: golden
    opt: paths=source_relative